make  xlintstR_mpfr xlintstC_mpfr xlintstrfR_mpfr xlintstrfC_mpfr xlintstR_mpfr_opt xlintstC_mpfr_opt xlintstrfR_mpfr_opt xlintstrfC_mpfr_opt
make[1]: Entering directory '/tmp/mplapack-p0-base/mplapack/test/lin/mpfr'
make[1]: 'xlintstR_mpfr' is up to date.
make[1]: 'xlintstC_mpfr' is up to date.
make[1]: 'xlintstrfR_mpfr' is up to date.
make[1]: 'xlintstrfC_mpfr' is up to date.
make[1]: 'xlintstR_mpfr_opt' is up to date.
make[1]: 'xlintstC_mpfr_opt' is up to date.
make[1]: 'xlintstrfR_mpfr_opt' is up to date.
make[1]: 'xlintstrfC_mpfr_opt' is up to date.
make[1]: Leaving directory '/tmp/mplapack-p0-base/mplapack/test/lin/mpfr'
make  check-local
make[1]: Entering directory '/tmp/mplapack-p0-base/mplapack/test/lin/mpfr'
Testing Complex MPLAPACK linear equation routines [default]
Testing Real MPLAPACK RFP prototype linear equation routines [default]
Testing Real MPLAPACK linear equation routines [default]
Testing Complex MPLAPACK RFP prototype linear equation routines [default]
MPFR profile 'default' done.
MPFR lin tests done: mpfr-check-default
Output directory: ../results/Ryzen_Threadripper_3970X_ubuntu26_04_gcc-15_2_0/mpfr
make[1]: Leaving directory '/tmp/mplapack-p0-base/mplapack/test/lin/mpfr'
