make  xlintstR_gmp xlintstC_gmp xlintstrfR_gmp xlintstrfC_gmp xlintstR_gmp_opt xlintstC_gmp_opt xlintstrfR_gmp_opt xlintstrfC_gmp_opt
make[1]: Entering directory '/tmp/mplapack-p0-base/mplapack/test/lin/gmp'
make[1]: 'xlintstR_gmp' is up to date.
make[1]: 'xlintstC_gmp' is up to date.
make[1]: 'xlintstrfR_gmp' is up to date.
make[1]: 'xlintstrfC_gmp' is up to date.
make[1]: 'xlintstR_gmp_opt' is up to date.
make[1]: 'xlintstC_gmp_opt' is up to date.
make[1]: 'xlintstrfR_gmp_opt' is up to date.
make[1]: 'xlintstrfC_gmp_opt' is up to date.
make[1]: Leaving directory '/tmp/mplapack-p0-base/mplapack/test/lin/gmp'
make  check-local
make[1]: Entering directory '/tmp/mplapack-p0-base/mplapack/test/lin/gmp'
Testing Real MPLAPACK RFP prototype linear equation routines
Testing Complex MPLAPACK linear equation routines
Testing Real MPLAPACK linear equation routines
Testing Complex MPLAPACK RFP prototype linear equation routines
GMP lin tests done.
Output directory: ../results/Ryzen_Threadripper_3970X_ubuntu26_04_gcc-15_2_0/gmp
make[1]: Leaving directory '/tmp/mplapack-p0-base/mplapack/test/lin/gmp'
